// Jest Snapshot v1, https://goo.gl/fbAQLP

exports[`matches snapshot 1`] = `
<DocumentFragment>
  <div>
    <h1>
      Pocket Js Calculator
    </h1>
    <div
      class="calculator-body"
    >
      <div
        class="result"
        data-testid="result"
      >
        <p />
      </div>
      <div
        class="button"
      >
        <button
          class="keypad"
          name="("
        >
          (
        </button>
        <button
          class="keypad"
          name="CE"
        >
          CE
        </button>
        <button
          class="keypad"
          name=")"
        >
          )
        </button>
        <button
          class="keypad"
          name="AC"
        >
          AC
        </button>
        <button
          class="keypad"
          name="/"
        >
          /
        </button>
        <button
          class="keypad"
          name="*"
        >
          *
        </button>
        <button
          class="keypad"
          name="-"
        >
          -
        </button>
        <button
          class="keypad"
          name="+"
        >
          +
        </button>
        <button
          class="keypad"
          name="9"
        >
          9
        </button>
        <button
          class="keypad"
          name="8"
        >
          8
        </button>
        <button
          class="keypad"
          name="7"
        >
          7
        </button>
        <button
          class="keypad"
          name="6"
        >
          6
        </button>
        <button
          class="keypad"
          name="5"
        >
          5
        </button>
        <button
          class="keypad"
          name="4"
        >
          4
        </button>
        <button
          class="keypad"
          name="3"
        >
          3
        </button>
        <button
          class="keypad"
          name="2"
        >
          2
        </button>
        <button
          class="keypad"
          name="1"
        >
          1
        </button>
        <button
          class="keypad"
          name="0"
        >
          0
        </button>
        <button
          class="keypad"
          name="="
        >
          =
        </button>
        <button
          class="keypad"
          name="."
        >
          .
        </button>
      </div>
    </div>
  </div>
</DocumentFragment>
`;
